#-----------------------------------------------------------
# Vivado v2020.1 (64-bit)
# SW Build 2902540 on Wed May 27 19:54:35 MDT 2020
# IP Build 2902112 on Wed May 27 22:43:36 MDT 2020
# Start of session at: Mon Aug 17 18:13:58 2020
# Process ID: 32441
# Current directory: /home/charles/tmp/vivado_script_dev/overlay_32x16/overlay_32x16/overlay_32x16.runs/overlay_32x16_zynq_ultra_ps_e_0_0_synth_1
# Command line: vivado -log overlay_32x16_zynq_ultra_ps_e_0_0.vds -product Vivado -mode batch -messageDb vivado.pb -notrace -source overlay_32x16_zynq_ultra_ps_e_0_0.tcl
# Log file: /home/charles/tmp/vivado_script_dev/overlay_32x16/overlay_32x16/overlay_32x16.runs/overlay_32x16_zynq_ultra_ps_e_0_0_synth_1/overlay_32x16_zynq_ultra_ps_e_0_0.vds
# Journal file: /home/charles/tmp/vivado_script_dev/overlay_32x16/overlay_32x16/overlay_32x16.runs/overlay_32x16_zynq_ultra_ps_e_0_0_synth_1/vivado.jou
#-----------------------------------------------------------
source overlay_32x16_zynq_ultra_ps_e_0_0.tcl -notrace
